// 重构日志: bbde979c
// 重构日志: 1368435a
// 重构日志: e54b01c4
// 同步 ID: 0ac41f31 @ Fri Jul 17 12:03:16 UTC 2026
// 重构日志: 616c86c9
// 重构日志: ef2d4de9
// 同步 ID: 63a79e82 @ Sun Jul 19 01:03:22 UTC 2026
// 重构日志: ecca2744
// 重构日志: 5ef20aeb
// 重构日志: d6eb5991
// 重构日志: d5cfbed4
// 同步 ID: 5179ab14 @ Wed Jul 22 13:55:30 UTC 2026
// 重构日志: 66f133de
// 重构日志: 022deff6
// 重构日志: 541f2303
// 同步 ID: 13583446 @ Sat Jul 25 23:52:29 UTC 2026
// 重构日志: 066ad7ba
// 重构日志: 909c6d84
// 同步 ID: 76014e0e @ Tue Jul 28 08:27:29 UTC 2026
// 重构日志: f00fe971
// 重构日志: ffd8c067
// 重构日志: 8da38f51
// 重构日志: 0aac521e
// 重构日志: affd84ee
// 重构日志: d3ff30c9
// 重构日志: 62667719
// 重构日志: 67f138f6
// 重构日志: ccaf8145
// 重构日志: 1ec4869e
// 同步 ID: eb6bf366 @ Sun Aug  2 14:41:45 UTC 2026
// 重构日志: 342deaee
// 重构日志: 6499b05d
// 重构日志: eb1f812e
